
Discarded input sections

 .text          0x00000000        0x0 ./Project_Settings/Startup_Code/startup.o
 .data          0x00000000        0x0 ./Project_Settings/Startup_Code/startup.o
 .bss           0x00000000        0x0 ./Project_Settings/Startup_Code/startup.o
 .group         0x00000000        0x8 ./src/pit.o
 .group         0x00000000        0x8 ./src/pit.o
 .group         0x00000000        0x8 ./src/pit.o
 .group         0x00000000        0x8 ./src/pit.o
 .group         0x00000000        0x8 ./src/pit.o
 .group         0x00000000        0x8 ./src/pit.o
 .group         0x00000000        0x8 ./src/pit.o
 .group         0x00000000        0x8 ./src/pit.o
 .group         0x00000000        0x8 ./src/pit.o
 .group         0x00000000        0x8 ./src/pit.o
 .group         0x00000000        0x8 ./src/pit.o
 .text          0x00000000        0x0 ./src/pit.o
 .data          0x00000000        0x0 ./src/pit.o
 .bss           0x00000000        0x0 ./src/pit.o
 .text.PIT0_init
                0x00000000       0x82 ./src/pit.o
 .text.PIT1_init
                0x00000000       0x7e ./src/pit.o
 .data          0x00000000        0x0 ./src/intc_sw_handlers.o
 .bss           0x00000000        0x0 ./src/intc_sw_handlers.o
 .group         0x00000000        0x8 ./src/intc_SW_mode_isr_vectors_MPC5748G.o
 .group         0x00000000        0x8 ./src/intc_SW_mode_isr_vectors_MPC5748G.o
 .group         0x00000000        0x8 ./src/intc_SW_mode_isr_vectors_MPC5748G.o
 .group         0x00000000        0x8 ./src/intc_SW_mode_isr_vectors_MPC5748G.o
 .group         0x00000000        0x8 ./src/intc_SW_mode_isr_vectors_MPC5748G.o
 .group         0x00000000        0x8 ./src/intc_SW_mode_isr_vectors_MPC5748G.o
 .group         0x00000000        0x8 ./src/intc_SW_mode_isr_vectors_MPC5748G.o
 .group         0x00000000        0x8 ./src/intc_SW_mode_isr_vectors_MPC5748G.o
 .group         0x00000000        0x8 ./src/intc_SW_mode_isr_vectors_MPC5748G.o
 .text          0x00000000        0x0 ./src/intc_SW_mode_isr_vectors_MPC5748G.o
 .data          0x00000000        0x0 ./src/intc_SW_mode_isr_vectors_MPC5748G.o
 .bss           0x00000000        0x0 ./src/intc_SW_mode_isr_vectors_MPC5748G.o
 .debug_macro   0x00000000      0x57a ./src/intc_SW_mode_isr_vectors_MPC5748G.o
 .debug_macro   0x00000000       0x40 ./src/intc_SW_mode_isr_vectors_MPC5748G.o
 .debug_macro   0x00000000       0x16 ./src/intc_SW_mode_isr_vectors_MPC5748G.o
 .debug_macro   0x00000000       0x64 ./src/intc_SW_mode_isr_vectors_MPC5748G.o
 .debug_macro   0x00000000      0x19d ./src/intc_SW_mode_isr_vectors_MPC5748G.o
 .debug_macro   0x00000000      0x133 ./src/intc_SW_mode_isr_vectors_MPC5748G.o
 .debug_macro   0x00000000       0x9d ./src/intc_SW_mode_isr_vectors_MPC5748G.o
 .debug_macro   0x00000000       0x10 ./src/intc_SW_mode_isr_vectors_MPC5748G.o
 .debug_macro   0x00000000      0x1a1 ./src/intc_SW_mode_isr_vectors_MPC5748G.o
 .group         0x00000000        0x8 ./src/hello+pll+interrupt_Z2_3.o
 .group         0x00000000        0x8 ./src/hello+pll+interrupt_Z2_3.o
 .group         0x00000000        0x8 ./src/hello+pll+interrupt_Z2_3.o
 .group         0x00000000        0x8 ./src/hello+pll+interrupt_Z2_3.o
 .group         0x00000000        0x8 ./src/hello+pll+interrupt_Z2_3.o
 .group         0x00000000        0x8 ./src/hello+pll+interrupt_Z2_3.o
 .group         0x00000000        0x8 ./src/hello+pll+interrupt_Z2_3.o
 .group         0x00000000        0x8 ./src/hello+pll+interrupt_Z2_3.o
 .group         0x00000000        0x8 ./src/hello+pll+interrupt_Z2_3.o
 .group         0x00000000        0x8 ./src/hello+pll+interrupt_Z2_3.o
 .group         0x00000000        0x8 ./src/hello+pll+interrupt_Z2_3.o
 .group         0x00000000        0x8 ./src/hello+pll+interrupt_Z2_3.o
 .data          0x00000000        0x0 ./src/hello+pll+interrupt_Z2_3.o
 .bss           0x00000000        0x0 ./src/hello+pll+interrupt_Z2_3.o
 .debug_macro   0x00000000      0x57a ./src/hello+pll+interrupt_Z2_3.o
 .debug_macro   0x00000000       0x40 ./src/hello+pll+interrupt_Z2_3.o
 .debug_macro   0x00000000       0x16 ./src/hello+pll+interrupt_Z2_3.o
 .debug_macro   0x00000000       0x64 ./src/hello+pll+interrupt_Z2_3.o
 .debug_macro   0x00000000      0x19d ./src/hello+pll+interrupt_Z2_3.o
 .debug_macro   0x00000000      0x133 ./src/hello+pll+interrupt_Z2_3.o
 .debug_macro   0x00000000       0x9d ./src/hello+pll+interrupt_Z2_3.o
 .debug_macro   0x00000000       0x10 ./src/hello+pll+interrupt_Z2_3.o
 .debug_macro   0x00000000      0x1a1 ./src/hello+pll+interrupt_Z2_3.o
 .debug_macro   0x00000000    0x1814c ./src/hello+pll+interrupt_Z2_3.o
 .debug_macro   0x00000000      0xb67 ./src/hello+pll+interrupt_Z2_3.o
 .group         0x00000000        0x8 ./src/gpio.o
 .group         0x00000000        0x8 ./src/gpio.o
 .group         0x00000000        0x8 ./src/gpio.o
 .group         0x00000000        0x8 ./src/gpio.o
 .group         0x00000000        0x8 ./src/gpio.o
 .group         0x00000000        0x8 ./src/gpio.o
 .group         0x00000000        0x8 ./src/gpio.o
 .group         0x00000000        0x8 ./src/gpio.o
 .group         0x00000000        0x8 ./src/gpio.o
 .group         0x00000000        0x8 ./src/gpio.o
 .group         0x00000000        0x8 ./src/gpio.o
 .group         0x00000000        0x8 ./src/gpio.o
 .text          0x00000000        0x0 ./src/gpio.o
 .data          0x00000000        0x0 ./src/gpio.o
 .bss           0x00000000        0x0 ./src/gpio.o
 .text.initGPIO
                0x00000000      0x384 ./src/gpio.o
 .text.GPIO_toggle
                0x00000000       0xf6 ./src/gpio.o
 .text.DebounceDelay
                0x00000000       0x54 ./src/gpio.o
 .text.DebouncedWaitTilLow
                0x00000000       0xe4 ./src/gpio.o
 .text.DebouncedWaitTilHigh
                0x00000000       0xe4 ./src/gpio.o
 .debug_macro   0x00000000      0x57a ./src/gpio.o
 .debug_macro   0x00000000       0x40 ./src/gpio.o
 .debug_macro   0x00000000       0x16 ./src/gpio.o
 .debug_macro   0x00000000       0x64 ./src/gpio.o
 .debug_macro   0x00000000      0x19d ./src/gpio.o
 .debug_macro   0x00000000      0x133 ./src/gpio.o
 .debug_macro   0x00000000       0x9d ./src/gpio.o
 .debug_macro   0x00000000       0x10 ./src/gpio.o
 .debug_macro   0x00000000      0x1a1 ./src/gpio.o
 .debug_macro   0x00000000    0x1814c ./src/gpio.o
 .debug_macro   0x00000000      0xb67 ./src/gpio.o
 .debug_macro   0x00000000       0x52 ./src/gpio.o
 .group         0x00000000        0x8 ./src/Vector.o
 .group         0x00000000        0x8 ./src/Vector.o
 .group         0x00000000        0x8 ./src/Vector.o
 .text          0x00000000        0x0 ./src/Vector.o
 .data          0x00000000        0x0 ./src/Vector.o
 .bss           0x00000000        0x0 ./src/Vector.o
 .debug_macro   0x00000000      0x57a ./src/Vector.o
 .debug_macro   0x00000000       0x40 ./src/Vector.o
 .debug_macro   0x00000000       0x16 ./src/Vector.o
 .group         0x00000000        0x8 ./src/MPC57xx__Interrupt_Init.o
 .group         0x00000000        0x8 ./src/MPC57xx__Interrupt_Init.o
 .group         0x00000000        0x8 ./src/MPC57xx__Interrupt_Init.o
 .group         0x00000000        0x8 ./src/MPC57xx__Interrupt_Init.o
 .group         0x00000000        0x8 ./src/MPC57xx__Interrupt_Init.o
 .group         0x00000000        0x8 ./src/MPC57xx__Interrupt_Init.o
 .group         0x00000000        0x8 ./src/MPC57xx__Interrupt_Init.o
 .group         0x00000000        0x8 ./src/MPC57xx__Interrupt_Init.o
 .group         0x00000000        0x8 ./src/MPC57xx__Interrupt_Init.o
 .group         0x00000000        0x8 ./src/MPC57xx__Interrupt_Init.o
 .text          0x00000000        0x0 ./src/MPC57xx__Interrupt_Init.o
 .data          0x00000000        0x0 ./src/MPC57xx__Interrupt_Init.o
 .bss           0x00000000        0x0 ./src/MPC57xx__Interrupt_Init.o
 .debug_macro   0x00000000      0x57a ./src/MPC57xx__Interrupt_Init.o
 .debug_macro   0x00000000       0x40 ./src/MPC57xx__Interrupt_Init.o
 .debug_macro   0x00000000       0x16 ./src/MPC57xx__Interrupt_Init.o
 .debug_macro   0x00000000       0x64 ./src/MPC57xx__Interrupt_Init.o
 .debug_macro   0x00000000      0x19d ./src/MPC57xx__Interrupt_Init.o
 .debug_macro   0x00000000      0x133 ./src/MPC57xx__Interrupt_Init.o
 .debug_macro   0x00000000       0x9d ./src/MPC57xx__Interrupt_Init.o
 .debug_macro   0x00000000       0x10 ./src/MPC57xx__Interrupt_Init.o
 .debug_macro   0x00000000      0x1a1 ./src/MPC57xx__Interrupt_Init.o
 .debug_macro   0x00000000    0x1814c ./src/MPC57xx__Interrupt_Init.o

Memory Configuration

Name             Origin             Length             Attributes
flash_rchw       0x00fa0000         0x00000004
cpu0_reset_vec   0x00fa0010         0x00000004
cpu1_reset_vec   0x00fa0014         0x00000004
cpu2_reset_vec   0x00fa0004         0x00000004
m_text           0x013a0000         0x001d0000
m_data           0x40080000         0x00040000
*default*        0x00000000         0xffffffff

Linker script and memory map

LOAD ./Project_Settings/Startup_Code/startup.o
LOAD ./src/pit.o
LOAD ./src/intc_sw_handlers.o
LOAD ./src/intc_SW_mode_isr_vectors_MPC5748G.o
LOAD ./src/hello+pll+interrupt_Z2_3.o
LOAD ./src/gpio.o
LOAD ./src/Vector.o
LOAD ./src/MPC57xx__Interrupt_Init.o
START GROUP
LOAD C:/Freescale/S32_Power_v1.1/S32DS/e200_ewl2/lib/e200z2\libc.a
LOAD C:/Freescale/S32_Power_v1.1/S32DS/e200_ewl2/lib/e200z2\libm.a
LOAD c:/freescale/s32_power_v1.1/cross_tools/powerpc-eabivle-4_9/bin/../lib/gcc/powerpc-eabivle/4.9.2/e200z2\libgcc.a
END GROUP
                0x00000000                __HEAP_SIZE = 0x0
                0x00001000                __STACK_SIZE = 0x1000
                0x00040000                SRAM_SIZE = 0x40000
                0x40080000                SRAM_BASE_ADDR = 0x40080000

.rchw
 *(.rchw)

.cpu0_reset_vector
 *(.cpu0_reset_vector)

.cpu1_reset_vector
 *(.cpu1_reset_vector)

.cpu2_reset_vector
 *(.cpu2_reset_vector)

.startup        0x013a0000      0x1b6
                0x013a0000                __start = .
 *(.startup)
 .startup       0x013a0000      0x1b6 ./Project_Settings/Startup_Code/startup.o
                0x013a0000                _start

.core_exceptions_table
                0x013a1000       0xf4
                0x013a1000                __IVPR_VALUE = .
 *(.core_exceptions_table)
 .core_exceptions_table
                0x013a1000       0xf4 ./src/Vector.o
                0x013a1000                IVOR0_Vector
                0x013a1000                VTABLE
                0x013a1010                IVOR1_Vector
                0x013a1020                IVOR2_Vector
                0x013a1030                IVOR3_Vector
                0x013a1040                IVOR4_Vector
                0x013a1050                IVOR5_Vector
                0x013a1060                IVOR6_Vector
                0x013a1070                IVOR7_Vector
                0x013a1080                IVOR8_Vector
                0x013a1090                IVOR9_Vector
                0x013a10a0                IVOR10_Vector
                0x013a10b0                IVOR11_Vector
                0x013a10c0                IVOR12_Vector
                0x013a10d0                IVOR13_Vector
                0x013a10e0                IVOR14_Vector
                0x013a10f0                IVOR15_Vector

.intc_vector_table
                0x013a2000      0xbc8
 *(.intc_vector_table)
 .intc_vector_table
                0x013a2000      0xbc8 ./src/intc_SW_mode_isr_vectors_MPC5748G.o
                0x013a2000                IntcIsrVectorTable

.text           0x013a2bd0      0x280
 *(.text.startup)
 *(.text)
 .text          0x013a2bd0       0x48 ./src/intc_sw_handlers.o
                0x013a2bd0                IVOR4_Handler
 .text          0x013a2c18       0x22 ./src/hello+pll+interrupt_Z2_3.o
                0x013a2c18                main
 *(.init)
 *(.text.*)
 .text.PIT2_init
                0x013a2c3a       0x7e ./src/pit.o
                0x013a2c3a                PIT2_init
 .text.dummy    0x013a2cb8        0xc ./src/intc_SW_mode_isr_vectors_MPC5748G.o
                0x013a2cb8                dummy
 .text.PIT2_isr
                0x013a2cc4       0x62 ./src/hello+pll+interrupt_Z2_3.o
                0x013a2cc4                PIT2_isr
 .text.SetIVPR  0x013a2d26       0x1a ./src/MPC57xx__Interrupt_Init.o
                0x013a2d26                SetIVPR
 .text.InitINTC
                0x013a2d40       0x92 ./src/MPC57xx__Interrupt_Init.o
                0x013a2d40                InitINTC
 .text.enableIrq
                0x013a2dd2       0x48 ./src/MPC57xx__Interrupt_Init.o
                0x013a2dd2                enableIrq
 .text.xcptn_xmpl
                0x013a2e1a       0x34 ./src/MPC57xx__Interrupt_Init.o
                0x013a2e1a                xcptn_xmpl
                0x013a2e50                . = ALIGN (0x10)
 *fill*         0x013a2e4e        0x2 

.glink          0x013a2e50        0x0
 .glink         0x013a2e50        0x0 ./Project_Settings/Startup_Code/startup.o

.rodata
 *(.rodata)
 *(.rodata.*)

.eh_frame       0x013a2e50        0x0
 .eh_frame      0x013a2e50        0x0 ./Project_Settings/Startup_Code/startup.o

.eh_frame_hdr   0x013a2e50        0x0
 .eh_frame_hdr  0x013a2e50        0x0 ./src/MPC57xx__Interrupt_Init.o

.data           0x40080000        0x0 load address 0x013a2e50
 *(.data)
 *(.data.*)

.sdata2         0x40080000        0x0 load address 0x013a2e50
 *(.sdata2)
 .sdata2        0x40080000        0x0 ./Project_Settings/Startup_Code/startup.o
 *(.sdata2.*)

.rela.dyn       0x40080000        0x0 load address 0x013a2e50
 .rela.iplt     0x40080000        0x0 ./Project_Settings/Startup_Code/startup.o
 .rela.intc_vector_table
                0x40080000        0x0 ./Project_Settings/Startup_Code/startup.o

.sbss2
 *(.sbss2)
 *(.sbss2.*)

.sdata          0x40080000        0x0 load address 0x013a2e50
 *(.sdata)
 .sdata         0x40080000        0x0 ./Project_Settings/Startup_Code/startup.o
 *(.sdata.*)

.bss            0x40080000        0x0 load address 0x013a2e50
                0x40080000                __BSS_START = .
 *(.sbss)
 *(.sbss.*)
 *(.bss)
 *(.bss.*)
 *(COMMON)
                0x40080000                __BSS_END = .

.iplt           0x40080000        0x0 load address 0x013a2e50
 .iplt          0x40080000        0x0 ./Project_Settings/Startup_Code/startup.o

.stack          0x40080000     0x1004 load address 0x013a2e50
                0x40080000                __HEAP = .
                0x40080000                . = (. + __HEAP_SIZE)
                0x40080000                __HEAP_END = .
                0x40080000                _stack_end = .
                0x40081000                . = (. + __STACK_SIZE)
 *fill*         0x40080000     0x1000 
                0x40081000                _stack_addr = .
                0x40081000                __SP_INIT = .
                0x40081004                . = (. + 0x4)
 *fill*         0x40081000        0x4 
                0x40080000                __DATA_SRAM_ADDR = ADDR (.data)
                0x40080000                __SDATA_SRAM_ADDR = ADDR (.sdata)
                0x00000000                __DATA_SIZE = SIZEOF (.data)
                0x00000000                __SDATA_SIZE = SIZEOF (.sdata)
                0x013a2e50                __DATA_ROM_ADDR = LOADADDR (.data)
                0x013a2e50                __SDATA_ROM_ADDR = LOADADDR (.sdata)
                0x00040000                __SRAM_SIZE = SRAM_SIZE
                0x40080000                __SRAM_BASE_ADDR = SRAM_BASE_ADDR
                0x00000000                __BSS_SIZE = (__BSS_END - __BSS_START)
OUTPUT(hello+pll+interrupt_Z2_3.elf elf32-powerpc)

.PPC.EMB.apuinfo
                0x00000000       0x18
 .PPC.EMB.apuinfo
                0x00000000       0x18 ./Project_Settings/Startup_Code/startup.o
 .PPC.EMB.apuinfo
                0x00000018       0x18 ./src/pit.o
 .PPC.EMB.apuinfo
                0x00000030       0x18 ./src/intc_sw_handlers.o
 .PPC.EMB.apuinfo
                0x00000048       0x18 ./src/intc_SW_mode_isr_vectors_MPC5748G.o
 .PPC.EMB.apuinfo
                0x00000060       0x18 ./src/hello+pll+interrupt_Z2_3.o
 .PPC.EMB.apuinfo
                0x00000078       0x18 ./src/gpio.o
 .PPC.EMB.apuinfo
                0x00000090       0x18 ./src/Vector.o
 .PPC.EMB.apuinfo
                0x000000a8       0x18 ./src/MPC57xx__Interrupt_Init.o

.comment        0x00000000       0x55
 .comment       0x00000000       0x55 ./src/pit.o
                                 0x56 (size before relaxing)
 .comment       0x00000055       0x56 ./src/intc_SW_mode_isr_vectors_MPC5748G.o
 .comment       0x00000055       0x56 ./src/hello+pll+interrupt_Z2_3.o
 .comment       0x00000055       0x56 ./src/gpio.o
 .comment       0x00000055       0x56 ./src/Vector.o
 .comment       0x00000055       0x56 ./src/MPC57xx__Interrupt_Init.o

.debug_line     0x00000000      0xbbc
 .debug_line    0x00000000       0xca ./Project_Settings/Startup_Code/startup.o
 .debug_line    0x000000ca      0x1da ./src/pit.o
 .debug_line    0x000002a4       0x5d ./src/intc_sw_handlers.o
 .debug_line    0x00000301      0x1aa ./src/intc_SW_mode_isr_vectors_MPC5748G.o
 .debug_line    0x000004ab      0x1f3 ./src/hello+pll+interrupt_Z2_3.o
 .debug_line    0x0000069e      0x27f ./src/gpio.o
 .debug_line    0x0000091d       0xa0 ./src/Vector.o
 .debug_line    0x000009bd      0x1ff ./src/MPC57xx__Interrupt_Init.o

.debug_info     0x00000000     0x397f
 .debug_info    0x00000000       0xbd ./Project_Settings/Startup_Code/startup.o
 .debug_info    0x000000bd      0x75d ./src/pit.o
 .debug_info    0x0000081a       0xac ./src/intc_sw_handlers.o
 .debug_info    0x000008c6       0xb4 ./src/intc_SW_mode_isr_vectors_MPC5748G.o
 .debug_info    0x0000097a     0x16c6 ./src/hello+pll+interrupt_Z2_3.o
 .debug_info    0x00002040     0x1460 ./src/gpio.o
 .debug_info    0x000034a0       0x21 ./src/Vector.o
 .debug_info    0x000034c1      0x4be ./src/MPC57xx__Interrupt_Init.o

.debug_abbrev   0x00000000      0x5b7
 .debug_abbrev  0x00000000       0x14 ./Project_Settings/Startup_Code/startup.o
 .debug_abbrev  0x00000014      0x12a ./src/pit.o
 .debug_abbrev  0x0000013e       0x14 ./src/intc_sw_handlers.o
 .debug_abbrev  0x00000152       0x7c ./src/intc_SW_mode_isr_vectors_MPC5748G.o
 .debug_abbrev  0x000001ce      0x11b ./src/hello+pll+interrupt_Z2_3.o
 .debug_abbrev  0x000002e9      0x16b ./src/gpio.o
 .debug_abbrev  0x00000454       0x13 ./src/Vector.o
 .debug_abbrev  0x00000467      0x150 ./src/MPC57xx__Interrupt_Init.o

.debug_aranges  0x00000000      0x148
 .debug_aranges
                0x00000000       0x20 ./Project_Settings/Startup_Code/startup.o
 .debug_aranges
                0x00000020       0x30 ./src/pit.o
 .debug_aranges
                0x00000050       0x20 ./src/intc_sw_handlers.o
 .debug_aranges
                0x00000070       0x20 ./src/intc_SW_mode_isr_vectors_MPC5748G.o
 .debug_aranges
                0x00000090       0x28 ./src/hello+pll+interrupt_Z2_3.o
 .debug_aranges
                0x000000b8       0x40 ./src/gpio.o
 .debug_aranges
                0x000000f8       0x18 ./src/Vector.o
 .debug_aranges
                0x00000110       0x38 ./src/MPC57xx__Interrupt_Init.o

.debug_ranges   0x00000000       0xa0
 .debug_ranges  0x00000000       0x20 ./src/pit.o
 .debug_ranges  0x00000020       0x10 ./src/intc_SW_mode_isr_vectors_MPC5748G.o
 .debug_ranges  0x00000030       0x18 ./src/hello+pll+interrupt_Z2_3.o
 .debug_ranges  0x00000048       0x30 ./src/gpio.o
 .debug_ranges  0x00000078       0x28 ./src/MPC57xx__Interrupt_Init.o

.debug_macro    0x00000000    0x19c18
 .debug_macro   0x00000000       0xb0 ./src/pit.o
 .debug_macro   0x000000b0      0x57a ./src/pit.o
 .debug_macro   0x0000062a       0x40 ./src/pit.o
 .debug_macro   0x0000066a       0x16 ./src/pit.o
 .debug_macro   0x00000680       0x64 ./src/pit.o
 .debug_macro   0x000006e4      0x19d ./src/pit.o
 .debug_macro   0x00000881      0x133 ./src/pit.o
 .debug_macro   0x000009b4       0x9d ./src/pit.o
 .debug_macro   0x00000a51       0x10 ./src/pit.o
 .debug_macro   0x00000a61      0x1a1 ./src/pit.o
 .debug_macro   0x00000c02    0x1814c ./src/pit.o
 .debug_macro   0x00018d4e      0xb67 ./src/pit.o
 .debug_macro   0x000198b5       0x8d ./src/intc_SW_mode_isr_vectors_MPC5748G.o
 .debug_macro   0x00019942       0xcb ./src/hello+pll+interrupt_Z2_3.o
 .debug_macro   0x00019a0d       0x52 ./src/hello+pll+interrupt_Z2_3.o
 .debug_macro   0x00019a5f       0xb5 ./src/gpio.o
 .debug_macro   0x00019b14       0x3f ./src/Vector.o
 .debug_macro   0x00019b53       0xc5 ./src/MPC57xx__Interrupt_Init.o

.debug_str      0x00000000    0x684d4
 .debug_str     0x00000000    0x679df ./src/pit.o
                              0x67a8c (size before relaxing)
 .debug_str     0x000679df       0x44 ./src/intc_SW_mode_isr_vectors_MPC5748G.o
                               0x30cf (size before relaxing)
 .debug_str     0x00067a23      0x812 ./src/hello+pll+interrupt_Z2_3.o
                              0x681ff (size before relaxing)
 .debug_str     0x00068235       0x75 ./src/gpio.o
                              0x681db (size before relaxing)
 .debug_str     0x000682aa       0x9b ./src/Vector.o
                               0x1b04 (size before relaxing)
 .debug_str     0x00068345      0x18f ./src/MPC57xx__Interrupt_Init.o
                              0x66b50 (size before relaxing)

.debug_frame    0x00000000      0x264
 .debug_frame   0x00000000       0x7c ./src/pit.o
 .debug_frame   0x0000007c       0x2c ./src/intc_SW_mode_isr_vectors_MPC5748G.o
 .debug_frame   0x000000a8       0x50 ./src/hello+pll+interrupt_Z2_3.o
 .debug_frame   0x000000f8       0xcc ./src/gpio.o
 .debug_frame   0x000001c4       0xa0 ./src/MPC57xx__Interrupt_Init.o
